// Jest Snapshot v1, https://goo.gl/fbAQLP

exports[`App should renders correctly 1`] = `
<View
  style={
    {
      "flex": 1,
    }
  }
>
  <RNCSafeAreaProvider
    onInsetsChange={[Function]}
    style={
      [
        {
          "flex": 1,
        },
        undefined,
      ]
    }
  >
    <RNSScreenStack
      style={
        {
          "flex": 1,
        }
      }
    >
      <RNSScreen
        collapsable={false}
        forwardedRef={[Function]}
        gestureResponseDistance={
          {
            "bottom": -1,
            "end": -1,
            "start": -1,
            "top": -1,
          }
        }
        nativeBackButtonDismissalEnabled={false}
        onAppear={[Function]}
        onDisappear={[Function]}
        onDismissed={[Function]}
        onHeaderBackButtonClicked={[Function]}
        onNativeDismissCancelled={[Function]}
        onTransitionProgress={[Function]}
        onWillDisappear={[Function]}
        replaceAnimation="push"
        stackPresentation="push"
        style={
          {
            "bottom": 0,
            "left": 0,
            "position": "absolute",
            "right": 0,
            "top": 0,
          }
        }
        swipeDirection="horizontal"
      >
        <RNSScreenStackHeaderConfig
          backButtonInCustomView={false}
          backgroundColor="rgb(255, 255, 255)"
          color="rgb(0, 122, 255)"
          direction="ltr"
          disableBackButtonMenu={false}
          hidden={false}
          hideBackButton={false}
          largeTitleHideShadow={false}
          title="Home"
          titleColor="rgb(28, 28, 30)"
          topInsetEnabled={false}
          translucent={false}
        />
        <View
          accessibilityElementsHidden={false}
          importantForAccessibility="auto"
          style={
            {
              "flex": 1,
              "flexDirection": "column-reverse",
            }
          }
        >
          <View
            style={
              [
                {
                  "flex": 1,
                },
                {
                  "backgroundColor": "rgb(242, 242, 242)",
                },
                undefined,
              ]
            }
          >
            <View
              style={
                {
                  "backgroundColor": "#002147",
                  "flex": 1,
                  "padding": 16,
                }
              }
            >
              <RCTScrollView
                data={
                  [
                    {
                      "component": [Function],
                      "id": "BottomSheetView",
                      "name": "BottomSheetView",
                    },
                    {
                      "component": [Function],
                      "id": "DropdownView",
                      "name": "DropdownView",
                    },
                    {
                      "component": [Function],
                      "id": "SigninScreen",
                      "name": "SigninScreen",
                    },
                    {
                      "component": [Function],
                      "id": "TestScreen",
                      "name": "TestScreen",
                    },
                  ]
                }
                getItem={[Function]}
                getItemCount={[Function]}
                keyExtractor={[Function]}
                onContentSizeChange={[Function]}
                onLayout={[Function]}
                onMomentumScrollBegin={[Function]}
                onMomentumScrollEnd={[Function]}
                onScroll={[Function]}
                onScrollBeginDrag={[Function]}
                onScrollEndDrag={[Function]}
                removeClippedSubviews={false}
                renderItem={[Function]}
                scrollEventThrottle={50}
                stickyHeaderIndices={[]}
                viewabilityConfigCallbackPairs={[]}
              >
                <View>
                  <View
                    onFocusCapture={[Function]}
                    onLayout={[Function]}
                    style={null}
                  >
                    <View
                      style={
                        {
                          "flexDirection": "row",
                        }
                      }
                    >
                      <View
                        accessibilityState={
                          {
                            "busy": undefined,
                            "checked": undefined,
                            "disabled": undefined,
                            "expanded": undefined,
                            "selected": undefined,
                          }
                        }
                        accessibilityValue={
                          {
                            "max": undefined,
                            "min": undefined,
                            "now": undefined,
                            "text": undefined,
                          }
                        }
                        accessible={true}
                        collapsable={false}
                        focusable={true}
                        onBlur={[Function]}
                        onClick={[Function]}
                        onFocus={[Function]}
                        onResponderGrant={[Function]}
                        onResponderMove={[Function]}
                        onResponderRelease={[Function]}
                        onResponderTerminate={[Function]}
                        onResponderTerminationRequest={[Function]}
                        onStartShouldSetResponder={[Function]}
                        style={
                          {
                            "alignItems": "center",
                            "backgroundColor": "#003262",
                            "borderColor": "#26619C",
                            "borderRadius": 8,
                            "borderWidth": 0.5,
                            "flex": 1,
                            "flexDirection": "column",
                            "height": 120,
                            "justifyContent": "center",
                            "margin": 2,
                            "minWidth": 120,
                            "padding": 8,
                            "position": "relative",
                          }
                        }
                      >
                        <Text
                          numberOfLines={2}
                          style={
                            {
                              "color": "white",
                              "fontSize": 20,
                              "fontWeight": "bold",
                              "textAlign": "center",
                            }
                          }
                        >
                          Go to BottomSheetView
                        </Text>
                      </View>
                      <View
                        accessibilityState={
                          {
                            "busy": undefined,
                            "checked": undefined,
                            "disabled": undefined,
                            "expanded": undefined,
                            "selected": undefined,
                          }
                        }
                        accessibilityValue={
                          {
                            "max": undefined,
                            "min": undefined,
                            "now": undefined,
                            "text": undefined,
                          }
                        }
                        accessible={true}
                        collapsable={false}
                        focusable={true}
                        onBlur={[Function]}
                        onClick={[Function]}
                        onFocus={[Function]}
                        onResponderGrant={[Function]}
                        onResponderMove={[Function]}
                        onResponderRelease={[Function]}
                        onResponderTerminate={[Function]}
                        onResponderTerminationRequest={[Function]}
                        onStartShouldSetResponder={[Function]}
                        style={
                          {
                            "alignItems": "center",
                            "backgroundColor": "#003262",
                            "borderColor": "#26619C",
                            "borderRadius": 8,
                            "borderWidth": 0.5,
                            "flex": 1,
                            "flexDirection": "column",
                            "height": 120,
                            "justifyContent": "center",
                            "margin": 2,
                            "minWidth": 120,
                            "padding": 8,
                            "position": "relative",
                          }
                        }
                      >
                        <Text
                          numberOfLines={2}
                          style={
                            {
                              "color": "white",
                              "fontSize": 20,
                              "fontWeight": "bold",
                              "textAlign": "center",
                            }
                          }
                        >
                          Go to DropdownView
                        </Text>
                      </View>
                    </View>
                  </View>
                  <View
                    onFocusCapture={[Function]}
                    onLayout={[Function]}
                    style={null}
                  >
                    <View
                      style={
                        {
                          "flexDirection": "row",
                        }
                      }
                    >
                      <View
                        accessibilityState={
                          {
                            "busy": undefined,
                            "checked": undefined,
                            "disabled": undefined,
                            "expanded": undefined,
                            "selected": undefined,
                          }
                        }
                        accessibilityValue={
                          {
                            "max": undefined,
                            "min": undefined,
                            "now": undefined,
                            "text": undefined,
                          }
                        }
                        accessible={true}
                        collapsable={false}
                        focusable={true}
                        onBlur={[Function]}
                        onClick={[Function]}
                        onFocus={[Function]}
                        onResponderGrant={[Function]}
                        onResponderMove={[Function]}
                        onResponderRelease={[Function]}
                        onResponderTerminate={[Function]}
                        onResponderTerminationRequest={[Function]}
                        onStartShouldSetResponder={[Function]}
                        style={
                          {
                            "alignItems": "center",
                            "backgroundColor": "#003262",
                            "borderColor": "#26619C",
                            "borderRadius": 8,
                            "borderWidth": 0.5,
                            "flex": 1,
                            "flexDirection": "column",
                            "height": 120,
                            "justifyContent": "center",
                            "margin": 2,
                            "minWidth": 120,
                            "padding": 8,
                            "position": "relative",
                          }
                        }
                      >
                        <Text
                          numberOfLines={2}
                          style={
                            {
                              "color": "white",
                              "fontSize": 20,
                              "fontWeight": "bold",
                              "textAlign": "center",
                            }
                          }
                        >
                          Go to SigninScreen
                        </Text>
                      </View>
                      <View
                        accessibilityState={
                          {
                            "busy": undefined,
                            "checked": undefined,
                            "disabled": undefined,
                            "expanded": undefined,
                            "selected": undefined,
                          }
                        }
                        accessibilityValue={
                          {
                            "max": undefined,
                            "min": undefined,
                            "now": undefined,
                            "text": undefined,
                          }
                        }
                        accessible={true}
                        collapsable={false}
                        focusable={true}
                        onBlur={[Function]}
                        onClick={[Function]}
                        onFocus={[Function]}
                        onResponderGrant={[Function]}
                        onResponderMove={[Function]}
                        onResponderRelease={[Function]}
                        onResponderTerminate={[Function]}
                        onResponderTerminationRequest={[Function]}
                        onStartShouldSetResponder={[Function]}
                        style={
                          {
                            "alignItems": "center",
                            "backgroundColor": "#003262",
                            "borderColor": "#26619C",
                            "borderRadius": 8,
                            "borderWidth": 0.5,
                            "flex": 1,
                            "flexDirection": "column",
                            "height": 120,
                            "justifyContent": "center",
                            "margin": 2,
                            "minWidth": 120,
                            "padding": 8,
                            "position": "relative",
                          }
                        }
                      >
                        <Text
                          numberOfLines={2}
                          style={
                            {
                              "color": "white",
                              "fontSize": 20,
                              "fontWeight": "bold",
                              "textAlign": "center",
                            }
                          }
                        >
                          Go to TestScreen
                        </Text>
                      </View>
                    </View>
                  </View>
                </View>
              </RCTScrollView>
            </View>
          </View>
        </View>
      </RNSScreen>
    </RNSScreenStack>
  </RNCSafeAreaProvider>
</View>
`;
